V3 3
FL "F:/purfard/LOGIC CIRCUITS FINAL PROJECT/final3/final3/final3.vhd" 2023/06/25.17:22:59 P.20131013
EN work/tintin 1687701181 \
      FL "F:/purfard/LOGIC CIRCUITS FINAL PROJECT/final3/final3/final3.vhd" \
      PB ieee/std_logic_1164 1381692176
AR work/tintin/Behavioral 1687701182 \
      FL "F:/purfard/LOGIC CIRCUITS FINAL PROJECT/final3/final3/final3.vhd" \
      EN work/tintin 1687701181
